// Jest Snapshot v1, https://goo.gl/fbAQLP

exports[`User should render correctly 1`] = `
<span>
  User: 
  Nastia
   
  Koroliova
</span>
`;
